{"level":"error","message":"Proxy error: Cannot read properties of undefined (reading 'userId')","service":"api-gateway-service","timestamp":"2026-06-07T03:37:39.614Z"}
{"level":"error","message":"TypeError: Cannot read properties of undefined (reading 'userId')\n    at proxyReqOptDecorator (file:///E:/Development/Development-notes/social-media-microservice/api-gateway/src/server.js:72:55)\n    at decorateProxyReqOpt (E:\\Development\\Development-notes\\social-media-microservice\\api-gateway\\node_modules\\express-http-proxy\\app\\steps\\decorateProxyReqOpts.js:13:14)\n    at process.processTicksAndRejections (node:internal/process/task_queues:105:5)","service":"api-gateway-service","timestamp":"2026-06-07T03:37:39.615Z"}
{"level":"error","message":"Proxy error: Cannot read properties of undefined (reading 'userId')","service":"api-gateway-service","timestamp":"2026-06-07T03:41:09.785Z"}
{"level":"error","message":"TypeError: Cannot read properties of undefined (reading 'userId')\n    at proxyReqOptDecorator (file:///E:/Development/Development-notes/social-media-microservice/api-gateway/src/server.js:72:55)\n    at decorateProxyReqOpt (E:\\Development\\Development-notes\\social-media-microservice\\api-gateway\\node_modules\\express-http-proxy\\app\\steps\\decorateProxyReqOpts.js:13:14)\n    at process.processTicksAndRejections (node:internal/process/task_queues:105:5)","service":"api-gateway-service","timestamp":"2026-06-07T03:41:09.789Z"}
{"level":"error","message":"Proxy error: ","service":"api-gateway-service","timestamp":"2026-06-07T03:42:44.360Z"}
{"level":"error","message":"AggregateError [ECONNREFUSED]: \n    at internalConnectMultiple (node:net:1134:18)\n    at afterConnectMultiple (node:net:1715:7)","service":"api-gateway-service","timestamp":"2026-06-07T03:42:44.364Z"}
{"level":"error","message":"Proxy error: ","service":"api-gateway-service","timestamp":"2026-06-07T03:44:15.129Z"}
{"level":"error","message":"AggregateError [ECONNREFUSED]: \n    at internalConnectMultiple (node:net:1134:18)\n    at afterConnectMultiple (node:net:1715:7)","service":"api-gateway-service","timestamp":"2026-06-07T03:44:15.134Z"}
{"level":"error","message":"Proxy error: ","service":"api-gateway-service","timestamp":"2026-06-07T03:44:58.248Z"}
{"level":"error","message":"AggregateError [ECONNREFUSED]: \n    at internalConnectMultiple (node:net:1134:18)\n    at afterConnectMultiple (node:net:1715:7)","service":"api-gateway-service","timestamp":"2026-06-07T03:44:58.254Z"}
{"level":"error","message":"Proxy error: ","service":"api-gateway-service","timestamp":"2026-06-07T03:45:23.681Z"}
{"level":"error","message":"AggregateError [ECONNREFUSED]: \n    at internalConnectMultiple (node:net:1134:18)\n    at afterConnectMultiple (node:net:1715:7)","service":"api-gateway-service","timestamp":"2026-06-07T03:45:23.684Z"}
{"level":"error","message":"Proxy error: ","service":"api-gateway-service","timestamp":"2026-06-07T03:48:43.376Z"}
{"level":"error","message":"AggregateError [ECONNREFUSED]: \n    at internalConnectMultiple (node:net:1134:18)\n    at afterConnectMultiple (node:net:1715:7)","service":"api-gateway-service","timestamp":"2026-06-07T03:48:43.380Z"}
{"level":"error","message":"Proxy error: ","service":"api-gateway-service","timestamp":"2026-06-07T03:49:20.726Z"}
{"level":"error","message":"AggregateError [ECONNREFUSED]: \n    at internalConnectMultiple (node:net:1134:18)\n    at afterConnectMultiple (node:net:1715:7)","service":"api-gateway-service","timestamp":"2026-06-07T03:49:20.730Z"}
{"level":"error","message":"Proxy error: ","service":"api-gateway-service","timestamp":"2026-06-07T03:50:38.032Z"}
{"level":"error","message":"AggregateError [ECONNREFUSED]: \n    at internalConnectMultiple (node:net:1134:18)\n    at afterConnectMultiple (node:net:1715:7)","service":"api-gateway-service","timestamp":"2026-06-07T03:50:38.037Z"}
{"level":"error","message":"Proxy error: ","service":"api-gateway-service","timestamp":"2026-06-07T03:51:01.210Z"}
{"level":"error","message":"AggregateError [ECONNREFUSED]: \n    at internalConnectMultiple (node:net:1134:18)\n    at afterConnectMultiple (node:net:1715:7)","service":"api-gateway-service","timestamp":"2026-06-07T03:51:01.215Z"}
{"level":"error","message":"Proxy error: getaddrinfo ENOTFOUND 3001","service":"api-gateway-service","timestamp":"2026-06-07T03:52:20.315Z"}
{"level":"error","message":"Error: getaddrinfo ENOTFOUND 3001\n    at GetAddrInfoReqWrap.onlookupall [as oncomplete] (node:dns:122:26)","service":"api-gateway-service","timestamp":"2026-06-07T03:52:20.318Z"}
{"level":"error","message":"Proxy error: getaddrinfo ENOTFOUND 3001","service":"api-gateway-service","timestamp":"2026-06-07T03:53:53.356Z"}
{"level":"error","message":"Error: getaddrinfo ENOTFOUND 3001\n    at GetAddrInfoReqWrap.onlookupall [as oncomplete] (node:dns:122:26)","service":"api-gateway-service","timestamp":"2026-06-07T03:53:53.357Z"}
{"level":"error","message":"Proxy error: ","service":"api-gateway-service","timestamp":"2026-06-07T05:04:37.959Z"}
{"level":"error","message":"AggregateError [ECONNREFUSED]: \n    at internalConnectMultiple (node:net:1134:18)\n    at afterConnectMultiple (node:net:1715:7)","service":"api-gateway-service","timestamp":"2026-06-07T05:04:37.961Z"}
{"level":"error","message":"Proxy error: ","service":"api-gateway-service","timestamp":"2026-06-07T05:04:47.028Z"}
{"level":"error","message":"AggregateError [ECONNREFUSED]: \n    at internalConnectMultiple (node:net:1134:18)\n    at afterConnectMultiple (node:net:1715:7)","service":"api-gateway-service","timestamp":"2026-06-07T05:04:47.028Z"}
{"level":"error","message":"Proxy error: ","service":"api-gateway-service","timestamp":"2026-06-07T05:04:53.889Z"}
{"level":"error","message":"AggregateError [ECONNREFUSED]: \n    at internalConnectMultiple (node:net:1134:18)\n    at afterConnectMultiple (node:net:1715:7)","service":"api-gateway-service","timestamp":"2026-06-07T05:04:53.890Z"}
{"level":"error","message":"Proxy error: ","service":"api-gateway-service","timestamp":"2026-06-07T05:05:10.485Z"}
{"level":"error","message":"AggregateError [ECONNREFUSED]: \n    at internalConnectMultiple (node:net:1134:18)\n    at afterConnectMultiple (node:net:1715:7)","service":"api-gateway-service","timestamp":"2026-06-07T05:05:10.489Z"}
{"level":"error","message":"Proxy error: read ECONNRESET","service":"api-gateway-service","timestamp":"2026-06-07T05:30:38.363Z"}
{"level":"error","message":"Error: read ECONNRESET\n    at TCP.onStreamRead (node:internal/stream_base_commons:216:20)","service":"api-gateway-service","timestamp":"2026-06-07T05:30:38.365Z"}
{"level":"error","message":"Proxy error: Cannot read properties of undefined (reading 'userId')","service":"api-gateway-service","timestamp":"2026-06-07T06:33:21.720Z"}
{"0":" ","1":"r","2":"e","3":"a","4":"s","5":"o","6":"n","7":":","8":" ","code":"ERR_HTTP_HEADERS_SENT","level":"error","message":"Unhandled Rejection at ","service":"api-gateway-service","timestamp":"2026-06-07T06:33:21.721Z"}
{"level":"error","message":"Proxy error: Cannot read properties of undefined (reading 'startsWith')","service":"api-gateway-service","timestamp":"2026-06-07T08:26:01.464Z"}
{"level":"error","message":"TypeError: Cannot read properties of undefined (reading 'startsWith')\n    at proxyReqOptDecorator (file:///E:/Development/Development-notes/social-media-microservice/api-gateway/src/server.js:112:47)\n    at decorateProxyReqOpt (E:\\Development\\Development-notes\\social-media-microservice\\api-gateway\\node_modules\\express-http-proxy\\app\\steps\\decorateProxyReqOpts.js:13:14)\n    at process.processTicksAndRejections (node:internal/process/task_queues:105:5)","service":"api-gateway-service","timestamp":"2026-06-07T08:26:01.466Z"}
{"level":"error","message":"Proxy error: Cannot read properties of undefined (reading 'startsWith')","service":"api-gateway-service","timestamp":"2026-06-07T08:27:01.650Z"}
{"level":"error","message":"TypeError: Cannot read properties of undefined (reading 'startsWith')\n    at proxyReqOptDecorator (file:///E:/Development/Development-notes/social-media-microservice/api-gateway/src/server.js:111:43)\n    at decorateProxyReqOpt (E:\\Development\\Development-notes\\social-media-microservice\\api-gateway\\node_modules\\express-http-proxy\\app\\steps\\decorateProxyReqOpts.js:13:14)\n    at process.processTicksAndRejections (node:internal/process/task_queues:105:5)","service":"api-gateway-service","timestamp":"2026-06-07T08:27:01.656Z"}
{"level":"error","message":"Proxy error: write ECONNRESET","service":"api-gateway-service","timestamp":"2026-06-07T08:27:42.589Z"}
{"level":"error","message":"Error: write ECONNRESET\n    at WriteWrap.onWriteComplete [as oncomplete] (node:internal/stream_base_commons:87:19)","service":"api-gateway-service","timestamp":"2026-06-07T08:27:42.593Z"}
{"level":"error","message":"Proxy error: Cannot read properties of undefined (reading 'userId')","service":"api-gateway-service","timestamp":"2026-06-07T11:40:28.519Z"}
{"0":" ","1":"r","2":"e","3":"a","4":"s","5":"o","6":"n","7":":","8":" ","code":"ERR_HTTP_HEADERS_SENT","level":"error","message":"Unhandled Rejection at ","service":"api-gateway-service","timestamp":"2026-06-07T11:40:28.520Z"}
{"level":"error","message":"Proxy error: ","service":"api-gateway-service","timestamp":"2026-06-08T00:59:29.447Z"}
{"level":"error","message":"AggregateError [ECONNREFUSED]: \n    at internalConnectMultiple (node:net:1134:18)\n    at afterConnectMultiple (node:net:1715:7)","service":"api-gateway-service","timestamp":"2026-06-08T00:59:29.449Z"}
{"level":"error","message":"Proxy error: Cannot read properties of undefined (reading 'userId')","service":"api-gateway-service","timestamp":"2026-06-08T03:37:44.814Z"}
{"0":" ","1":"r","2":"e","3":"a","4":"s","5":"o","6":"n","7":":","8":" ","code":"ERR_HTTP_HEADERS_SENT","level":"error","message":"Unhandled Rejection at ","service":"api-gateway-service","timestamp":"2026-06-08T03:37:44.815Z"}
