{"level":"info","message":"Connected to RabbitMQ","service":"identity-service","timestamp":"2026-06-08T03:25:09.410Z"}
{"level":"info","message":"Search service running on port 3004","service":"identity-service","timestamp":"2026-06-08T03:25:09.416Z"}
{"level":"info","message":"Connected to mongodb","service":"identity-service","timestamp":"2026-06-08T03:25:09.932Z"}
{"level":"info","message":"Connected to RabbitMQ","service":"identity-service","timestamp":"2026-06-08T03:31:08.157Z"}
{"level":"info","message":"Connected to RabbitMQ","service":"identity-service","timestamp":"2026-06-08T03:31:57.038Z"}
{"level":"info","message":"Connected to RabbitMQ","service":"identity-service","timestamp":"2026-06-08T03:32:11.738Z"}
{"level":"info","message":"Connected to RabbitMQ","service":"identity-service","timestamp":"2026-06-08T03:32:34.920Z"}
{"level":"info","message":"Connected to RabbitMQ","service":"identity-service","timestamp":"2026-06-08T03:33:01.939Z"}
{"level":"info","message":"Subscribed to event: post.created","service":"identity-service","timestamp":"2026-06-08T03:33:01.967Z"}
{"level":"info","message":"Search service running on port 3004","service":"identity-service","timestamp":"2026-06-08T03:33:01.969Z"}
{"level":"info","message":"Connected to mongodb","service":"identity-service","timestamp":"2026-06-08T03:33:02.392Z"}
{"level":"info","message":"Connected to RabbitMQ","service":"identity-service","timestamp":"2026-06-08T03:34:13.441Z"}
{"level":"info","message":"Subscribed to event: post.created","service":"identity-service","timestamp":"2026-06-08T03:34:13.466Z"}
{"level":"info","message":"Search service running on port 3004","service":"identity-service","timestamp":"2026-06-08T03:34:13.469Z"}
{"level":"info","message":"Connected to mongodb","service":"identity-service","timestamp":"2026-06-08T03:34:13.948Z"}
{"level":"info","message":"Connected to RabbitMQ","service":"identity-service","timestamp":"2026-06-08T03:34:30.419Z"}
{"level":"info","message":"Subscribed to event: post.created","service":"identity-service","timestamp":"2026-06-08T03:34:30.444Z"}
{"level":"info","message":"Search service running on port 3004","service":"identity-service","timestamp":"2026-06-08T03:34:30.447Z"}
{"level":"info","message":"Connected to mongodb","service":"identity-service","timestamp":"2026-06-08T03:34:30.866Z"}
{"level":"info","message":"Connected to RabbitMQ","service":"identity-service","timestamp":"2026-06-08T03:34:47.928Z"}
{"level":"info","message":"Subscribed to event: post.created","service":"identity-service","timestamp":"2026-06-08T03:34:47.957Z"}
{"level":"info","message":"Search service running on port 3004","service":"identity-service","timestamp":"2026-06-08T03:34:47.960Z"}
{"level":"info","message":"Connected to mongodb","service":"identity-service","timestamp":"2026-06-08T03:34:48.389Z"}
{"level":"info","message":"Connected to RabbitMQ","service":"identity-service","timestamp":"2026-06-08T03:35:06.123Z"}
{"level":"info","message":"Subscribed to event: post.created","service":"identity-service","timestamp":"2026-06-08T03:35:06.149Z"}
{"level":"info","message":"Search service running on port 3004","service":"identity-service","timestamp":"2026-06-08T03:35:06.152Z"}
{"level":"info","message":"Connected to mongodb","service":"identity-service","timestamp":"2026-06-08T03:35:06.587Z"}
{"level":"info","message":"Connected to RabbitMQ","service":"identity-service","timestamp":"2026-06-08T03:36:29.591Z"}
{"level":"info","message":"Subscribed to event: post.created","service":"identity-service","timestamp":"2026-06-08T03:36:29.617Z"}
{"level":"info","message":"Search service running on port 3004","service":"identity-service","timestamp":"2026-06-08T03:36:29.620Z"}
{"level":"info","message":"Connected to mongodb","service":"identity-service","timestamp":"2026-06-08T03:36:30.042Z"}
{"level":"info","message":"Connected to RabbitMQ","service":"identity-service","timestamp":"2026-06-08T03:36:49.269Z"}
{"level":"info","message":"Subscribed to event: post.created","service":"identity-service","timestamp":"2026-06-08T03:36:49.295Z"}
{"level":"info","message":"Search service running on port 3004","service":"identity-service","timestamp":"2026-06-08T03:36:49.299Z"}
{"level":"info","message":"Connected to mongodb","service":"identity-service","timestamp":"2026-06-08T03:36:49.724Z"}
{"level":"info","message":"Connected to RabbitMQ","service":"identity-service","timestamp":"2026-06-08T03:37:24.940Z"}
{"level":"info","message":"Subscribed to event: post.created","service":"identity-service","timestamp":"2026-06-08T03:37:24.974Z"}
{"level":"info","message":"Search service running on port 3004","service":"identity-service","timestamp":"2026-06-08T03:37:24.979Z"}
{"level":"info","message":"Connected to mongodb","service":"identity-service","timestamp":"2026-06-08T03:37:25.389Z"}
{"level":"info","message":"Post created event triggered","service":"identity-service","timestamp":"2026-06-08T03:37:51.340Z"}
{"level":"info","message":"Post saved in search","service":"identity-service","timestamp":"2026-06-08T03:37:51.347Z"}
{"level":"info","message":"Connected to RabbitMQ","service":"identity-service","timestamp":"2026-06-08T03:38:26.579Z"}
{"level":"info","message":"Subscribed to event: post.created","service":"identity-service","timestamp":"2026-06-08T03:38:26.608Z"}
{"level":"info","message":"Search service running on port 3004","service":"identity-service","timestamp":"2026-06-08T03:38:26.612Z"}
{"level":"info","message":"Connected to mongodb","service":"identity-service","timestamp":"2026-06-08T03:38:27.061Z"}
{"level":"info","message":"Post created event triggered","service":"identity-service","timestamp":"2026-06-08T03:38:34.234Z"}
{"level":"info","message":"Post saved in search","service":"identity-service","timestamp":"2026-06-08T03:38:34.307Z"}
{"level":"info","message":"Connected to RabbitMQ","service":"identity-service","timestamp":"2026-06-08T03:39:16.179Z"}
{"level":"info","message":"Subscribed to event: post.created","service":"identity-service","timestamp":"2026-06-08T03:39:16.204Z"}
{"level":"info","message":"Search service running on port 3004","service":"identity-service","timestamp":"2026-06-08T03:39:16.208Z"}
{"level":"info","message":"Connected to mongodb","service":"identity-service","timestamp":"2026-06-08T03:39:16.607Z"}
{"level":"info","message":"Connected to RabbitMQ","service":"identity-service","timestamp":"2026-06-08T03:39:38.596Z"}
{"level":"info","message":"Subscribed to event: post.created","service":"identity-service","timestamp":"2026-06-08T03:39:38.620Z"}
{"level":"info","message":"Search service running on port 3004","service":"identity-service","timestamp":"2026-06-08T03:39:38.623Z"}
{"level":"info","message":"Connected to mongodb","service":"identity-service","timestamp":"2026-06-08T03:39:39.043Z"}
{"level":"info","message":"Connected to RabbitMQ","service":"identity-service","timestamp":"2026-06-08T03:39:47.115Z"}
{"level":"info","message":"Subscribed to event: post.created","service":"identity-service","timestamp":"2026-06-08T03:39:47.140Z"}
{"level":"info","message":"Search service running on port 3004","service":"identity-service","timestamp":"2026-06-08T03:39:47.143Z"}
{"level":"info","message":"Connected to mongodb","service":"identity-service","timestamp":"2026-06-08T03:39:47.590Z"}
{"level":"info","message":"Post created event triggered","service":"identity-service","timestamp":"2026-06-08T03:39:54.397Z"}
{"code":11000,"errorLabelSet":{},"errorResponse":{"code":11000,"errmsg":"E11000 duplicate key error collection: social-media-service.searches index: userId_1 dup key: { userId: \"6a2410b7e9677f8a5cf0dea1\" }","index":0,"keyPattern":{"userId":1},"keyValue":{"userId":"6a2410b7e9677f8a5cf0dea1"}},"index":0,"keyPattern":{"userId":1},"keyValue":{"userId":"6a2410b7e9677f8a5cf0dea1"},"level":"error","message":"Error while creating post in search. E11000 duplicate key error collection: social-media-service.searches index: userId_1 dup key: { userId: \"6a2410b7e9677f8a5cf0dea1\" }","service":"identity-service","stack":"MongoServerError: E11000 duplicate key error collection: social-media-service.searches index: userId_1 dup key: { userId: \"6a2410b7e9677f8a5cf0dea1\" }\n    at InsertOneOperation.handleOk (E:\\Development\\Development-notes\\social-media-microservice\\search-service\\node_modules\\mongodb\\lib\\operations\\insert.js:51:19)\n    at tryOperation (E:\\Development\\Development-notes\\social-media-microservice\\search-service\\node_modules\\mongodb\\lib\\operations\\execute_operation.js:214:34)\n    at process.processTicksAndRejections (node:internal/process/task_queues:105:5)\n    at async executeOperation (E:\\Development\\Development-notes\\social-media-microservice\\search-service\\node_modules\\mongodb\\lib\\operations\\execute_operation.js:78:16)\n    at async Collection.insertOne (E:\\Development\\Development-notes\\social-media-microservice\\search-service\\node_modules\\mongodb\\lib\\collection.js:154:16)","timestamp":"2026-06-08T03:39:54.466Z"}
{"0":" ","1":"r","2":"e","3":"a","4":"s","5":"o","6":"n","7":":","8":" ","level":"error","message":"Unhandled Rejection at ","service":"identity-service","timestamp":"2026-06-08T03:39:54.467Z"}
{"level":"info","message":"Post created event triggered","service":"identity-service","timestamp":"2026-06-08T03:40:31.877Z"}
{"code":11000,"errorLabelSet":{},"errorResponse":{"code":11000,"errmsg":"E11000 duplicate key error collection: social-media-service.searches index: userId_1 dup key: { userId: \"6a2410b7e9677f8a5cf0dea1\" }","index":0,"keyPattern":{"userId":1},"keyValue":{"userId":"6a2410b7e9677f8a5cf0dea1"}},"index":0,"keyPattern":{"userId":1},"keyValue":{"userId":"6a2410b7e9677f8a5cf0dea1"},"level":"error","message":"Error while creating post in search. E11000 duplicate key error collection: social-media-service.searches index: userId_1 dup key: { userId: \"6a2410b7e9677f8a5cf0dea1\" }","service":"identity-service","stack":"MongoServerError: E11000 duplicate key error collection: social-media-service.searches index: userId_1 dup key: { userId: \"6a2410b7e9677f8a5cf0dea1\" }\n    at InsertOneOperation.handleOk (E:\\Development\\Development-notes\\social-media-microservice\\search-service\\node_modules\\mongodb\\lib\\operations\\insert.js:51:19)\n    at tryOperation (E:\\Development\\Development-notes\\social-media-microservice\\search-service\\node_modules\\mongodb\\lib\\operations\\execute_operation.js:214:34)\n    at process.processTicksAndRejections (node:internal/process/task_queues:105:5)\n    at async executeOperation (E:\\Development\\Development-notes\\social-media-microservice\\search-service\\node_modules\\mongodb\\lib\\operations\\execute_operation.js:78:16)\n    at async Collection.insertOne (E:\\Development\\Development-notes\\social-media-microservice\\search-service\\node_modules\\mongodb\\lib\\collection.js:154:16)","timestamp":"2026-06-08T03:40:31.943Z"}
{"0":" ","1":"r","2":"e","3":"a","4":"s","5":"o","6":"n","7":":","8":" ","level":"error","message":"Unhandled Rejection at ","service":"identity-service","timestamp":"2026-06-08T03:40:31.944Z"}
{"level":"info","message":"Connected to RabbitMQ","service":"identity-service","timestamp":"2026-06-08T03:41:13.991Z"}
{"level":"info","message":"Subscribed to event: post.created","service":"identity-service","timestamp":"2026-06-08T03:41:14.017Z"}
{"level":"info","message":"Search service running on port 3004","service":"identity-service","timestamp":"2026-06-08T03:41:14.020Z"}
{"level":"info","message":"Connected to mongodb","service":"identity-service","timestamp":"2026-06-08T03:41:14.430Z"}
{"level":"info","message":"Post created event triggered","service":"identity-service","timestamp":"2026-06-08T03:41:26.464Z"}
{"level":"info","message":"Search post created: 6a2639e6c256d333a1f3281a, 6a2639e657e2be26c2f4c379","service":"identity-service","timestamp":"2026-06-08T03:41:26.545Z"}
{"level":"info","message":"Post created event triggered","service":"identity-service","timestamp":"2026-06-08T03:41:30.443Z"}
{"level":"info","message":"Search post created: 6a2639eac256d333a1f3281b, 6a2639ea57e2be26c2f4c37b","service":"identity-service","timestamp":"2026-06-08T03:41:30.493Z"}
{"level":"info","message":"Received GET request to /api/search/post","service":"identity-service","timestamp":"2026-06-08T03:49:23.474Z"}
{"level":"info","message":"Received body, [object Object]","service":"identity-service","timestamp":"2026-06-08T03:49:23.475Z"}
{"level":"warn","message":"Not a valid endpoint...","service":"identity-service","timestamp":"2026-06-08T03:49:23.480Z"}
{"level":"info","message":"Received GET request to /api/search/posts","service":"identity-service","timestamp":"2026-06-08T03:49:29.333Z"}
{"level":"info","message":"Received body, [object Object]","service":"identity-service","timestamp":"2026-06-08T03:49:29.333Z"}
{"level":"warn","message":"Access attempted without user Id","service":"identity-service","timestamp":"2026-06-08T03:49:29.336Z"}
{"level":"info","message":"Search endpoint hit","service":"identity-service","timestamp":"2026-06-08T03:49:29.337Z"}
{"$clusterTime":{"clusterTime":{"$timestamp":"7648866768789700611"},"signature":{"hash":"yF89J2Ah6e58NqeaJqpPcHPf9hM=","keyId":{"high":1768235050,"low":2,"unsigned":false}}},"code":14,"codeName":"TypeMismatch","errorLabelSet":{},"errorResponse":{"$clusterTime":{"clusterTime":{"$timestamp":"7648866768789700611"},"signature":{"hash":"yF89J2Ah6e58NqeaJqpPcHPf9hM=","keyId":{"high":1768235050,"low":2,"unsigned":false}}},"code":14,"codeName":"TypeMismatch","errmsg":"\"$search\" had the wrong type. Expected string, found null","ok":0,"operationTime":{"$timestamp":"7648866768789700611"}},"level":"error","message":"Error while searching. \"$search\" had the wrong type. Expected string, found null","ok":0,"operationTime":{"$timestamp":"7648866768789700611"},"service":"identity-service","stack":"MongoServerError: \"$search\" had the wrong type. Expected string, found null\n    at Connection.sendCommand (E:\\Development\\Development-notes\\social-media-microservice\\search-service\\node_modules\\mongodb\\lib\\cmap\\connection.js:306:27)\n    at process.processTicksAndRejections (node:internal/process/task_queues:105:5)\n    at async Connection.command (E:\\Development\\Development-notes\\social-media-microservice\\search-service\\node_modules\\mongodb\\lib\\cmap\\connection.js:334:26)\n    at async Server.command (E:\\Development\\Development-notes\\social-media-microservice\\search-service\\node_modules\\mongodb\\lib\\sdam\\server.js:194:29)\n    at async tryOperation (E:\\Development\\Development-notes\\social-media-microservice\\search-service\\node_modules\\mongodb\\lib\\operations\\execute_operation.js:213:32)\n    at async executeOperation (E:\\Development\\Development-notes\\social-media-microservice\\search-service\\node_modules\\mongodb\\lib\\operations\\execute_operation.js:78:16)\n    at async FindCursor._initialize (E:\\Development\\Development-notes\\social-media-microservice\\search-service\\node_modules\\mongodb\\lib\\cursor\\find_cursor.js:62:26)\n    at async FindCursor.cursorInit (E:\\Development\\Development-notes\\social-media-microservice\\search-service\\node_modules\\mongodb\\lib\\cursor\\abstract_cursor.js:632:27)\n    at async FindCursor.fetchBatch (E:\\Development\\Development-notes\\social-media-microservice\\search-service\\node_modules\\mongodb\\lib\\cursor\\abstract_cursor.js:666:13)\n    at async FindCursor.next (E:\\Development\\Development-notes\\social-media-microservice\\search-service\\node_modules\\mongodb\\lib\\cursor\\abstract_cursor.js:342:17)","timestamp":"2026-06-08T03:49:29.718Z"}
{"level":"error","message":"Error [ERR_HTTP_HEADERS_SENT]: Cannot set headers after they are sent to the client\n    at ServerResponse.setHeader (node:_http_outgoing:700:11)\n    at ServerResponse.header (E:\\Development\\Development-notes\\social-media-microservice\\search-service\\node_modules\\express\\lib\\response.js:686:10)\n    at ServerResponse.send (E:\\Development\\Development-notes\\social-media-microservice\\search-service\\node_modules\\express\\lib\\response.js:163:12)\n    at ServerResponse.json (E:\\Development\\Development-notes\\social-media-microservice\\search-service\\node_modules\\express\\lib\\response.js:252:15)\n    at searchPostController (file:///E:/Development/Development-notes/social-media-microservice/search-service/src/controllers/search-controller.js:23:28)\n    at process.processTicksAndRejections (node:internal/process/task_queues:105:5)","service":"identity-service","timestamp":"2026-06-08T03:49:29.726Z"}
{"level":"info","message":"Received GET request to /api/search/posts","service":"identity-service","timestamp":"2026-06-08T03:49:37.132Z"}
{"level":"info","message":"Received body, [object Object]","service":"identity-service","timestamp":"2026-06-08T03:49:37.133Z"}
{"level":"warn","message":"Access attempted without user Id","service":"identity-service","timestamp":"2026-06-08T03:49:37.134Z"}
{"level":"info","message":"Search endpoint hit","service":"identity-service","timestamp":"2026-06-08T03:49:37.135Z"}
{"$clusterTime":{"clusterTime":{"$timestamp":"7648866798854471683"},"signature":{"hash":"RT+aqyEbcHZOVargvazo78w9ZS4=","keyId":{"high":1768235050,"low":2,"unsigned":false}}},"code":14,"codeName":"TypeMismatch","errorLabelSet":{},"errorResponse":{"$clusterTime":{"clusterTime":{"$timestamp":"7648866798854471683"},"signature":{"hash":"RT+aqyEbcHZOVargvazo78w9ZS4=","keyId":{"high":1768235050,"low":2,"unsigned":false}}},"code":14,"codeName":"TypeMismatch","errmsg":"\"$search\" had the wrong type. Expected string, found null","ok":0,"operationTime":{"$timestamp":"7648866798854471683"}},"level":"error","message":"Error while searching. \"$search\" had the wrong type. Expected string, found null","ok":0,"operationTime":{"$timestamp":"7648866798854471683"},"service":"identity-service","stack":"MongoServerError: \"$search\" had the wrong type. Expected string, found null\n    at Connection.sendCommand (E:\\Development\\Development-notes\\social-media-microservice\\search-service\\node_modules\\mongodb\\lib\\cmap\\connection.js:306:27)\n    at process.processTicksAndRejections (node:internal/process/task_queues:105:5)\n    at async Connection.command (E:\\Development\\Development-notes\\social-media-microservice\\search-service\\node_modules\\mongodb\\lib\\cmap\\connection.js:334:26)\n    at async Server.command (E:\\Development\\Development-notes\\social-media-microservice\\search-service\\node_modules\\mongodb\\lib\\sdam\\server.js:194:29)\n    at async tryOperation (E:\\Development\\Development-notes\\social-media-microservice\\search-service\\node_modules\\mongodb\\lib\\operations\\execute_operation.js:213:32)\n    at async executeOperation (E:\\Development\\Development-notes\\social-media-microservice\\search-service\\node_modules\\mongodb\\lib\\operations\\execute_operation.js:78:16)\n    at async FindCursor._initialize (E:\\Development\\Development-notes\\social-media-microservice\\search-service\\node_modules\\mongodb\\lib\\cursor\\find_cursor.js:62:26)\n    at async FindCursor.cursorInit (E:\\Development\\Development-notes\\social-media-microservice\\search-service\\node_modules\\mongodb\\lib\\cursor\\abstract_cursor.js:632:27)\n    at async FindCursor.fetchBatch (E:\\Development\\Development-notes\\social-media-microservice\\search-service\\node_modules\\mongodb\\lib\\cursor\\abstract_cursor.js:666:13)\n    at async FindCursor.next (E:\\Development\\Development-notes\\social-media-microservice\\search-service\\node_modules\\mongodb\\lib\\cursor\\abstract_cursor.js:342:17)","timestamp":"2026-06-08T03:49:37.187Z"}
{"level":"error","message":"Error [ERR_HTTP_HEADERS_SENT]: Cannot set headers after they are sent to the client\n    at ServerResponse.setHeader (node:_http_outgoing:700:11)\n    at ServerResponse.header (E:\\Development\\Development-notes\\social-media-microservice\\search-service\\node_modules\\express\\lib\\response.js:686:10)\n    at ServerResponse.send (E:\\Development\\Development-notes\\social-media-microservice\\search-service\\node_modules\\express\\lib\\response.js:163:12)\n    at ServerResponse.json (E:\\Development\\Development-notes\\social-media-microservice\\search-service\\node_modules\\express\\lib\\response.js:252:15)\n    at searchPostController (file:///E:/Development/Development-notes/social-media-microservice/search-service/src/controllers/search-controller.js:23:28)\n    at process.processTicksAndRejections (node:internal/process/task_queues:105:5)","service":"identity-service","timestamp":"2026-06-08T03:49:37.189Z"}
{"level":"info","message":"Received GET request to /api/search/posts","service":"identity-service","timestamp":"2026-06-08T03:49:43.629Z"}
{"level":"info","message":"Received body, [object Object]","service":"identity-service","timestamp":"2026-06-08T03:49:43.630Z"}
{"level":"warn","message":"Access attempted without user Id","service":"identity-service","timestamp":"2026-06-08T03:49:43.631Z"}
{"level":"info","message":"Search endpoint hit","service":"identity-service","timestamp":"2026-06-08T03:49:43.632Z"}
{"$clusterTime":{"clusterTime":{"$timestamp":"7648866828919242754"},"signature":{"hash":"3XyTx3gCmPzJ/nprv4NQAmDPhgg=","keyId":{"high":1768235050,"low":2,"unsigned":false}}},"code":14,"codeName":"TypeMismatch","errorLabelSet":{},"errorResponse":{"$clusterTime":{"clusterTime":{"$timestamp":"7648866828919242754"},"signature":{"hash":"3XyTx3gCmPzJ/nprv4NQAmDPhgg=","keyId":{"high":1768235050,"low":2,"unsigned":false}}},"code":14,"codeName":"TypeMismatch","errmsg":"\"$search\" had the wrong type. Expected string, found null","ok":0,"operationTime":{"$timestamp":"7648866828919242754"}},"level":"error","message":"Error while searching. \"$search\" had the wrong type. Expected string, found null","ok":0,"operationTime":{"$timestamp":"7648866828919242754"},"service":"identity-service","stack":"MongoServerError: \"$search\" had the wrong type. Expected string, found null\n    at Connection.sendCommand (E:\\Development\\Development-notes\\social-media-microservice\\search-service\\node_modules\\mongodb\\lib\\cmap\\connection.js:306:27)\n    at process.processTicksAndRejections (node:internal/process/task_queues:105:5)\n    at async Connection.command (E:\\Development\\Development-notes\\social-media-microservice\\search-service\\node_modules\\mongodb\\lib\\cmap\\connection.js:334:26)\n    at async Server.command (E:\\Development\\Development-notes\\social-media-microservice\\search-service\\node_modules\\mongodb\\lib\\sdam\\server.js:194:29)\n    at async tryOperation (E:\\Development\\Development-notes\\social-media-microservice\\search-service\\node_modules\\mongodb\\lib\\operations\\execute_operation.js:213:32)\n    at async executeOperation (E:\\Development\\Development-notes\\social-media-microservice\\search-service\\node_modules\\mongodb\\lib\\operations\\execute_operation.js:78:16)\n    at async FindCursor._initialize (E:\\Development\\Development-notes\\social-media-microservice\\search-service\\node_modules\\mongodb\\lib\\cursor\\find_cursor.js:62:26)\n    at async FindCursor.cursorInit (E:\\Development\\Development-notes\\social-media-microservice\\search-service\\node_modules\\mongodb\\lib\\cursor\\abstract_cursor.js:632:27)\n    at async FindCursor.fetchBatch (E:\\Development\\Development-notes\\social-media-microservice\\search-service\\node_modules\\mongodb\\lib\\cursor\\abstract_cursor.js:666:13)\n    at async FindCursor.next (E:\\Development\\Development-notes\\social-media-microservice\\search-service\\node_modules\\mongodb\\lib\\cursor\\abstract_cursor.js:342:17)","timestamp":"2026-06-08T03:49:43.684Z"}
{"level":"error","message":"Error [ERR_HTTP_HEADERS_SENT]: Cannot set headers after they are sent to the client\n    at ServerResponse.setHeader (node:_http_outgoing:700:11)\n    at ServerResponse.header (E:\\Development\\Development-notes\\social-media-microservice\\search-service\\node_modules\\express\\lib\\response.js:686:10)\n    at ServerResponse.send (E:\\Development\\Development-notes\\social-media-microservice\\search-service\\node_modules\\express\\lib\\response.js:163:12)\n    at ServerResponse.json (E:\\Development\\Development-notes\\social-media-microservice\\search-service\\node_modules\\express\\lib\\response.js:252:15)\n    at searchPostController (file:///E:/Development/Development-notes/social-media-microservice/search-service/src/controllers/search-controller.js:23:28)\n    at process.processTicksAndRejections (node:internal/process/task_queues:105:5)","service":"identity-service","timestamp":"2026-06-08T03:49:43.685Z"}
{"level":"info","message":"Connected to RabbitMQ","service":"identity-service","timestamp":"2026-06-08T03:50:22.336Z"}
{"level":"info","message":"Subscribed to event: post.created","service":"identity-service","timestamp":"2026-06-08T03:50:22.362Z"}
{"level":"info","message":"Search service running on port 3004","service":"identity-service","timestamp":"2026-06-08T03:50:22.365Z"}
{"level":"info","message":"Connected to mongodb","service":"identity-service","timestamp":"2026-06-08T03:50:22.779Z"}
{"level":"info","message":"Connected to RabbitMQ","service":"identity-service","timestamp":"2026-06-08T03:50:33.210Z"}
{"level":"info","message":"Subscribed to event: post.created","service":"identity-service","timestamp":"2026-06-08T03:50:33.236Z"}
{"level":"info","message":"Search service running on port 3004","service":"identity-service","timestamp":"2026-06-08T03:50:33.240Z"}
{"level":"info","message":"Connected to mongodb","service":"identity-service","timestamp":"2026-06-08T03:50:33.635Z"}
{"level":"info","message":"Received GET request to /api/search/posts","service":"identity-service","timestamp":"2026-06-08T03:50:35.631Z"}
{"level":"info","message":"Received body, [object Object]","service":"identity-service","timestamp":"2026-06-08T03:50:35.631Z"}
{"level":"warn","message":"Access attempted without user Id","service":"identity-service","timestamp":"2026-06-08T03:50:35.636Z"}
{"level":"info","message":"Received GET request to /api/search/posts","service":"identity-service","timestamp":"2026-06-08T03:51:58.547Z"}
{"level":"info","message":"Received body, [object Object]","service":"identity-service","timestamp":"2026-06-08T03:51:58.548Z"}
{"level":"info","message":"Search endpoint hit","service":"identity-service","timestamp":"2026-06-08T03:51:58.552Z"}
{"$clusterTime":{"clusterTime":{"$timestamp":"7648867408739827714"},"signature":{"hash":"AL7p5NFCJAzrjbO/C7ORIfMyiys=","keyId":{"high":1768235050,"low":2,"unsigned":false}}},"code":14,"codeName":"TypeMismatch","errorLabelSet":{},"errorResponse":{"$clusterTime":{"clusterTime":{"$timestamp":"7648867408739827714"},"signature":{"hash":"AL7p5NFCJAzrjbO/C7ORIfMyiys=","keyId":{"high":1768235050,"low":2,"unsigned":false}}},"code":14,"codeName":"TypeMismatch","errmsg":"\"$search\" had the wrong type. Expected string, found null","ok":0,"operationTime":{"$timestamp":"7648867408739827714"}},"level":"error","message":"Error while searching. \"$search\" had the wrong type. Expected string, found null","ok":0,"operationTime":{"$timestamp":"7648867408739827714"},"service":"identity-service","stack":"MongoServerError: \"$search\" had the wrong type. Expected string, found null\n    at Connection.sendCommand (E:\\Development\\Development-notes\\social-media-microservice\\search-service\\node_modules\\mongodb\\lib\\cmap\\connection.js:306:27)\n    at process.processTicksAndRejections (node:internal/process/task_queues:105:5)\n    at async Connection.command (E:\\Development\\Development-notes\\social-media-microservice\\search-service\\node_modules\\mongodb\\lib\\cmap\\connection.js:334:26)\n    at async Server.command (E:\\Development\\Development-notes\\social-media-microservice\\search-service\\node_modules\\mongodb\\lib\\sdam\\server.js:194:29)\n    at async tryOperation (E:\\Development\\Development-notes\\social-media-microservice\\search-service\\node_modules\\mongodb\\lib\\operations\\execute_operation.js:213:32)\n    at async executeOperation (E:\\Development\\Development-notes\\social-media-microservice\\search-service\\node_modules\\mongodb\\lib\\operations\\execute_operation.js:78:16)\n    at async FindCursor._initialize (E:\\Development\\Development-notes\\social-media-microservice\\search-service\\node_modules\\mongodb\\lib\\cursor\\find_cursor.js:62:26)\n    at async FindCursor.cursorInit (E:\\Development\\Development-notes\\social-media-microservice\\search-service\\node_modules\\mongodb\\lib\\cursor\\abstract_cursor.js:632:27)\n    at async FindCursor.fetchBatch (E:\\Development\\Development-notes\\social-media-microservice\\search-service\\node_modules\\mongodb\\lib\\cursor\\abstract_cursor.js:666:13)\n    at async FindCursor.next (E:\\Development\\Development-notes\\social-media-microservice\\search-service\\node_modules\\mongodb\\lib\\cursor\\abstract_cursor.js:342:17)","timestamp":"2026-06-08T03:51:58.612Z"}
{"level":"info","message":"Connected to RabbitMQ","service":"identity-service","timestamp":"2026-06-08T03:52:39.062Z"}
{"level":"info","message":"Subscribed to event: post.created","service":"identity-service","timestamp":"2026-06-08T03:52:39.086Z"}
{"level":"info","message":"Search service running on port 3004","service":"identity-service","timestamp":"2026-06-08T03:52:39.089Z"}
{"level":"info","message":"Connected to mongodb","service":"identity-service","timestamp":"2026-06-08T03:52:39.502Z"}
{"level":"info","message":"Received GET request to /api/search/posts","service":"identity-service","timestamp":"2026-06-08T03:52:43.022Z"}
{"level":"info","message":"Received body, [object Object]","service":"identity-service","timestamp":"2026-06-08T03:52:43.023Z"}
{"level":"info","message":"Search endpoint hit","service":"identity-service","timestamp":"2026-06-08T03:52:43.028Z"}
{"$clusterTime":{"clusterTime":{"$timestamp":"7648867597718388738"},"signature":{"hash":"a8jX1oXkv1HMEL8CuMamTAYNkg4=","keyId":{"high":1768235050,"low":2,"unsigned":false}}},"code":14,"codeName":"TypeMismatch","errorLabelSet":{},"errorResponse":{"$clusterTime":{"clusterTime":{"$timestamp":"7648867597718388738"},"signature":{"hash":"a8jX1oXkv1HMEL8CuMamTAYNkg4=","keyId":{"high":1768235050,"low":2,"unsigned":false}}},"code":14,"codeName":"TypeMismatch","errmsg":"\"$search\" had the wrong type. Expected string, found null","ok":0,"operationTime":{"$timestamp":"7648867597718388738"}},"level":"error","message":"Error while searching. \"$search\" had the wrong type. Expected string, found null","ok":0,"operationTime":{"$timestamp":"7648867597718388738"},"service":"identity-service","stack":"MongoServerError: \"$search\" had the wrong type. Expected string, found null\n    at Connection.sendCommand (E:\\Development\\Development-notes\\social-media-microservice\\search-service\\node_modules\\mongodb\\lib\\cmap\\connection.js:306:27)\n    at process.processTicksAndRejections (node:internal/process/task_queues:105:5)\n    at async Connection.command (E:\\Development\\Development-notes\\social-media-microservice\\search-service\\node_modules\\mongodb\\lib\\cmap\\connection.js:334:26)\n    at async Server.command (E:\\Development\\Development-notes\\social-media-microservice\\search-service\\node_modules\\mongodb\\lib\\sdam\\server.js:194:29)\n    at async tryOperation (E:\\Development\\Development-notes\\social-media-microservice\\search-service\\node_modules\\mongodb\\lib\\operations\\execute_operation.js:213:32)\n    at async executeOperation (E:\\Development\\Development-notes\\social-media-microservice\\search-service\\node_modules\\mongodb\\lib\\operations\\execute_operation.js:78:16)\n    at async FindCursor._initialize (E:\\Development\\Development-notes\\social-media-microservice\\search-service\\node_modules\\mongodb\\lib\\cursor\\find_cursor.js:62:26)\n    at async FindCursor.cursorInit (E:\\Development\\Development-notes\\social-media-microservice\\search-service\\node_modules\\mongodb\\lib\\cursor\\abstract_cursor.js:632:27)\n    at async FindCursor.fetchBatch (E:\\Development\\Development-notes\\social-media-microservice\\search-service\\node_modules\\mongodb\\lib\\cursor\\abstract_cursor.js:666:13)\n    at async FindCursor.next (E:\\Development\\Development-notes\\social-media-microservice\\search-service\\node_modules\\mongodb\\lib\\cursor\\abstract_cursor.js:342:17)","timestamp":"2026-06-08T03:52:43.087Z"}
{"level":"info","message":"Connected to RabbitMQ","service":"identity-service","timestamp":"2026-06-08T03:52:58.457Z"}
{"level":"info","message":"Subscribed to event: post.created","service":"identity-service","timestamp":"2026-06-08T03:52:58.482Z"}
{"level":"info","message":"Search service running on port 3004","service":"identity-service","timestamp":"2026-06-08T03:52:58.486Z"}
{"level":"info","message":"Connected to mongodb","service":"identity-service","timestamp":"2026-06-08T03:52:58.921Z"}
{"level":"info","message":"Received GET request to /api/search/posts","service":"identity-service","timestamp":"2026-06-08T03:52:59.932Z"}
{"level":"info","message":"Received body, [object Object]","service":"identity-service","timestamp":"2026-06-08T03:52:59.933Z"}
{"level":"info","message":"Search endpoint hit","service":"identity-service","timestamp":"2026-06-08T03:52:59.938Z"}
{"level":"info","message":"Received GET request to /api/search/posts?search=new","service":"identity-service","timestamp":"2026-06-08T03:53:15.927Z"}
{"level":"info","message":"Received body, [object Object]","service":"identity-service","timestamp":"2026-06-08T03:53:15.928Z"}
{"level":"info","message":"Search endpoint hit","service":"identity-service","timestamp":"2026-06-08T03:53:15.930Z"}
{"level":"info","message":"Connected to RabbitMQ","service":"identity-service","timestamp":"2026-06-08T03:54:48.296Z"}
{"level":"info","message":"Subscribed to event: post.created","service":"identity-service","timestamp":"2026-06-08T03:54:48.329Z"}
{"level":"info","message":"Subscribed to event: post.deleted","service":"identity-service","timestamp":"2026-06-08T03:54:48.355Z"}
{"level":"info","message":"Search service running on port 3004","service":"identity-service","timestamp":"2026-06-08T03:54:48.359Z"}
{"level":"info","message":"Connected to mongodb","service":"identity-service","timestamp":"2026-06-08T03:54:48.775Z"}
{"level":"info","message":"Connected to RabbitMQ","service":"identity-service","timestamp":"2026-06-08T03:55:34.298Z"}
{"level":"info","message":"Subscribed to event: post.created","service":"identity-service","timestamp":"2026-06-08T03:55:34.324Z"}
{"level":"info","message":"Subscribed to event: post.deleted","service":"identity-service","timestamp":"2026-06-08T03:55:34.346Z"}
{"level":"info","message":"Search service running on port 3004","service":"identity-service","timestamp":"2026-06-08T03:55:34.349Z"}
{"level":"info","message":"Connected to mongodb","service":"identity-service","timestamp":"2026-06-08T03:55:34.785Z"}
{"level":"info","message":"Connected to RabbitMQ","service":"identity-service","timestamp":"2026-06-08T03:55:47.242Z"}
{"level":"info","message":"Subscribed to event: post.created","service":"identity-service","timestamp":"2026-06-08T03:55:47.279Z"}
{"level":"info","message":"Subscribed to event: post.deleted","service":"identity-service","timestamp":"2026-06-08T03:55:47.304Z"}
{"level":"info","message":"Search service running on port 3004","service":"identity-service","timestamp":"2026-06-08T03:55:47.307Z"}
{"level":"info","message":"Connected to mongodb","service":"identity-service","timestamp":"2026-06-08T03:55:47.679Z"}
{"level":"info","message":"Connected to RabbitMQ","service":"identity-service","timestamp":"2026-06-08T03:55:51.920Z"}
{"level":"info","message":"Subscribed to event: post.created","service":"identity-service","timestamp":"2026-06-08T03:55:51.944Z"}
{"level":"info","message":"Subscribed to event: post.deleted","service":"identity-service","timestamp":"2026-06-08T03:55:51.966Z"}
{"level":"info","message":"Search service running on port 3004","service":"identity-service","timestamp":"2026-06-08T03:55:51.969Z"}
{"level":"info","message":"Connected to mongodb","service":"identity-service","timestamp":"2026-06-08T03:55:52.360Z"}
{"level":"info","message":"Connected to RabbitMQ","service":"identity-service","timestamp":"2026-06-08T03:55:57.318Z"}
{"level":"info","message":"Subscribed to event: post.created","service":"identity-service","timestamp":"2026-06-08T03:55:57.348Z"}
{"level":"info","message":"Subscribed to event: post.deleted","service":"identity-service","timestamp":"2026-06-08T03:55:57.370Z"}
{"level":"info","message":"Search service running on port 3004","service":"identity-service","timestamp":"2026-06-08T03:55:57.373Z"}
{"level":"info","message":"Connected to mongodb","service":"identity-service","timestamp":"2026-06-08T03:55:57.797Z"}
{"level":"info","message":"Connected to RabbitMQ","service":"identity-service","timestamp":"2026-06-08T03:56:40.701Z"}
{"level":"info","message":"Subscribed to event: post.created","service":"identity-service","timestamp":"2026-06-08T03:56:40.728Z"}
{"level":"info","message":"Subscribed to event: post.deleted","service":"identity-service","timestamp":"2026-06-08T03:56:40.753Z"}
{"level":"info","message":"Search service running on port 3004","service":"identity-service","timestamp":"2026-06-08T03:56:40.757Z"}
{"level":"info","message":"Connected to mongodb","service":"identity-service","timestamp":"2026-06-08T03:56:41.245Z"}
{"level":"info","message":"Connected to RabbitMQ","service":"identity-service","timestamp":"2026-06-08T03:57:19.046Z"}
{"level":"info","message":"Subscribed to event: post.created","service":"identity-service","timestamp":"2026-06-08T03:57:19.069Z"}
{"level":"info","message":"Subscribed to event: post.deleted","service":"identity-service","timestamp":"2026-06-08T03:57:19.091Z"}
{"level":"info","message":"Search service running on port 3004","service":"identity-service","timestamp":"2026-06-08T03:57:19.094Z"}
{"level":"info","message":"Connected to mongodb","service":"identity-service","timestamp":"2026-06-08T03:57:19.471Z"}
{"level":"info","message":"Connected to RabbitMQ","service":"identity-service","timestamp":"2026-06-08T03:57:36.934Z"}
{"level":"info","message":"Subscribed to event: post.created","service":"identity-service","timestamp":"2026-06-08T03:57:36.960Z"}
{"level":"info","message":"Subscribed to event: post.deleted","service":"identity-service","timestamp":"2026-06-08T03:57:36.984Z"}
{"level":"info","message":"Search service running on port 3004","service":"identity-service","timestamp":"2026-06-08T03:57:36.987Z"}
{"level":"info","message":"Connected to mongodb","service":"identity-service","timestamp":"2026-06-08T03:57:37.348Z"}
{"level":"info","message":"Connected to RabbitMQ","service":"identity-service","timestamp":"2026-06-08T03:57:46.917Z"}
{"level":"info","message":"Subscribed to event: post.created","service":"identity-service","timestamp":"2026-06-08T03:57:46.942Z"}
{"level":"info","message":"Subscribed to event: post.deleted","service":"identity-service","timestamp":"2026-06-08T03:57:46.966Z"}
{"level":"info","message":"Search service running on port 3004","service":"identity-service","timestamp":"2026-06-08T03:57:46.969Z"}
{"level":"info","message":"Connected to mongodb","service":"identity-service","timestamp":"2026-06-08T03:57:47.379Z"}
{"level":"info","message":"Connected to RabbitMQ","service":"identity-service","timestamp":"2026-06-08T03:57:54.693Z"}
{"level":"info","message":"Subscribed to event: post.created","service":"identity-service","timestamp":"2026-06-08T03:57:54.719Z"}
{"level":"info","message":"Subscribed to event: post.deleted","service":"identity-service","timestamp":"2026-06-08T03:57:54.745Z"}
{"level":"info","message":"Search service running on port 3004","service":"identity-service","timestamp":"2026-06-08T03:57:54.748Z"}
{"level":"info","message":"Connected to mongodb","service":"identity-service","timestamp":"2026-06-08T03:57:55.192Z"}
{"level":"info","message":"Search post deleted: 6a2639eac256d333a1f3281b","service":"identity-service","timestamp":"2026-06-08T03:58:10.362Z"}
{"level":"info","message":"Post created event triggered","service":"identity-service","timestamp":"2026-06-08T03:59:48.074Z"}
{"level":"info","message":"Search post created: 6a263e34c256d333a1f3281c, 6a263e3450a5a4aa207c2cdc","service":"identity-service","timestamp":"2026-06-08T03:59:48.137Z"}
{"level":"info","message":"Post created event triggered","service":"identity-service","timestamp":"2026-06-08T04:00:03.051Z"}
{"level":"info","message":"Search post created: 6a263e42c256d333a1f3281d, 6a263e4350a5a4aa207c2cde","service":"identity-service","timestamp":"2026-06-08T04:00:03.122Z"}
{"level":"info","message":"Received GET request to /api/search/posts?search=first","service":"identity-service","timestamp":"2026-06-08T04:00:58.073Z"}
{"level":"info","message":"Received body, [object Object]","service":"identity-service","timestamp":"2026-06-08T04:00:58.073Z"}
{"level":"info","message":"Search endpoint hit","service":"identity-service","timestamp":"2026-06-08T04:00:58.078Z"}
{"level":"info","message":"Connected to RabbitMQ","service":"identity-service","timestamp":"2026-06-08T04:02:23.094Z"}
{"level":"info","message":"Subscribed to event: post.created","service":"identity-service","timestamp":"2026-06-08T04:02:23.121Z"}
{"level":"info","message":"Subscribed to event: post.deleted","service":"identity-service","timestamp":"2026-06-08T04:02:23.143Z"}
{"level":"info","message":"Search service running on port 3004","service":"identity-service","timestamp":"2026-06-08T04:02:23.146Z"}
{"level":"info","message":"Connected to mongodb","service":"identity-service","timestamp":"2026-06-08T04:02:23.580Z"}
{"level":"info","message":"Connected to RabbitMQ","service":"identity-service","timestamp":"2026-06-08T04:02:55.232Z"}
{"level":"info","message":"Subscribed to event: post.created","service":"identity-service","timestamp":"2026-06-08T04:02:55.259Z"}
{"level":"info","message":"Subscribed to event: post.deleted","service":"identity-service","timestamp":"2026-06-08T04:02:55.282Z"}
{"level":"info","message":"Search service running on port 3004","service":"identity-service","timestamp":"2026-06-08T04:02:55.285Z"}
{"level":"info","message":"Connected to mongodb","service":"identity-service","timestamp":"2026-06-08T04:02:55.773Z"}
{"level":"info","message":"Received GET request to /api/search/posts?search=first","service":"identity-service","timestamp":"2026-06-08T04:02:58.346Z"}
{"level":"info","message":"Received body, [object Object]","service":"identity-service","timestamp":"2026-06-08T04:02:58.347Z"}
{"level":"info","message":"Search endpoint hit","service":"identity-service","timestamp":"2026-06-08T04:02:58.352Z"}
{"$clusterTime":{"clusterTime":{"$timestamp":"7648870243418243073"},"signature":{"hash":"WFO2HygdWPt2/F1yKAFff8A/UWI=","keyId":{"high":1768235050,"low":2,"unsigned":false}}},"code":14,"codeName":"TypeMismatch","errorLabelSet":{},"errorResponse":{"$clusterTime":{"clusterTime":{"$timestamp":"7648870243418243073"},"signature":{"hash":"WFO2HygdWPt2/F1yKAFff8A/UWI=","keyId":{"high":1768235050,"low":2,"unsigned":false}}},"code":14,"codeName":"TypeMismatch","errmsg":"\"$search\" had the wrong type. Expected string, found null","ok":0,"operationTime":{"$timestamp":"7648870243418243073"}},"level":"error","message":"Error while searching. \"$search\" had the wrong type. Expected string, found null","ok":0,"operationTime":{"$timestamp":"7648870243418243073"},"service":"identity-service","stack":"MongoServerError: \"$search\" had the wrong type. Expected string, found null\n    at Connection.sendCommand (E:\\Development\\Development-notes\\social-media-microservice\\search-service\\node_modules\\mongodb\\lib\\cmap\\connection.js:306:27)\n    at process.processTicksAndRejections (node:internal/process/task_queues:105:5)\n    at async Connection.command (E:\\Development\\Development-notes\\social-media-microservice\\search-service\\node_modules\\mongodb\\lib\\cmap\\connection.js:334:26)\n    at async Server.command (E:\\Development\\Development-notes\\social-media-microservice\\search-service\\node_modules\\mongodb\\lib\\sdam\\server.js:194:29)\n    at async tryOperation (E:\\Development\\Development-notes\\social-media-microservice\\search-service\\node_modules\\mongodb\\lib\\operations\\execute_operation.js:213:32)\n    at async executeOperation (E:\\Development\\Development-notes\\social-media-microservice\\search-service\\node_modules\\mongodb\\lib\\operations\\execute_operation.js:78:16)\n    at async FindCursor._initialize (E:\\Development\\Development-notes\\social-media-microservice\\search-service\\node_modules\\mongodb\\lib\\cursor\\find_cursor.js:62:26)\n    at async FindCursor.cursorInit (E:\\Development\\Development-notes\\social-media-microservice\\search-service\\node_modules\\mongodb\\lib\\cursor\\abstract_cursor.js:632:27)\n    at async FindCursor.fetchBatch (E:\\Development\\Development-notes\\social-media-microservice\\search-service\\node_modules\\mongodb\\lib\\cursor\\abstract_cursor.js:666:13)\n    at async FindCursor.next (E:\\Development\\Development-notes\\social-media-microservice\\search-service\\node_modules\\mongodb\\lib\\cursor\\abstract_cursor.js:342:17)","timestamp":"2026-06-08T04:02:58.416Z"}
{"level":"info","message":"Connected to RabbitMQ","service":"identity-service","timestamp":"2026-06-08T04:04:04.481Z"}
{"level":"info","message":"Subscribed to event: post.created","service":"identity-service","timestamp":"2026-06-08T04:04:04.507Z"}
{"level":"info","message":"Subscribed to event: post.deleted","service":"identity-service","timestamp":"2026-06-08T04:04:04.532Z"}
{"level":"info","message":"Search service running on port 3004","service":"identity-service","timestamp":"2026-06-08T04:04:04.536Z"}
{"level":"info","message":"Connected to mongodb","service":"identity-service","timestamp":"2026-06-08T04:04:04.949Z"}
{"level":"info","message":"Received GET request to /api/search/posts?search=first","service":"identity-service","timestamp":"2026-06-08T04:04:08.214Z"}
{"level":"info","message":"Received body, [object Object]","service":"identity-service","timestamp":"2026-06-08T04:04:08.215Z"}
{"level":"info","message":"Search endpoint hit","service":"identity-service","timestamp":"2026-06-08T04:04:08.220Z"}
{"level":"info","message":"Received GET request to /api/search/posts?qeury=first","service":"identity-service","timestamp":"2026-06-08T04:04:21.125Z"}
{"level":"info","message":"Received body, [object Object]","service":"identity-service","timestamp":"2026-06-08T04:04:21.126Z"}
{"level":"info","message":"Search endpoint hit","service":"identity-service","timestamp":"2026-06-08T04:04:21.128Z"}
{"level":"info","message":"Connected to RabbitMQ","service":"identity-service","timestamp":"2026-06-08T04:04:29.041Z"}
{"level":"info","message":"Subscribed to event: post.created","service":"identity-service","timestamp":"2026-06-08T04:04:29.066Z"}
{"level":"info","message":"Subscribed to event: post.deleted","service":"identity-service","timestamp":"2026-06-08T04:04:29.090Z"}
{"level":"info","message":"Search service running on port 3004","service":"identity-service","timestamp":"2026-06-08T04:04:29.094Z"}
{"level":"info","message":"Connected to mongodb","service":"identity-service","timestamp":"2026-06-08T04:04:29.480Z"}
